2026-03-15 19:28:16,858 [INFO] Descargando ITER 2020 SLP: https://www.inegi.org.mx/contenidos/programas/ccpv/2020/datosabiertos/iter/iter_24_cpv2020_csv.zip
2026-03-15 19:28:17,700 [INFO] [OK] ITER descargado: iter_24_cpv2020_csv.zip
2026-03-15 19:28:17,872 [INFO] [OK] ITER leido: 2378 localidades en la Huasteca
2026-03-15 19:28:17,873 [WARNING] [WARN] Shapefile no encontrado, usando solo coordenadas del ITER
2026-03-15 19:28:19,146 [INFO] [OK] Localidades: 2378 insertadas, 0 omitidas
2026-03-15 19:28:19,194 [INFO] [1/20] Colonias: Aquismón
2026-03-15 19:28:19,417 [WARNING] [WARN] Sin asentamientos para municipio 003
2026-03-15 19:28:19,419 [INFO]   0 asentamientos insertados
2026-03-15 19:28:20,420 [INFO] [2/20] Colonias: Axtla de Terrazas
2026-03-15 19:28:20,626 [WARNING] [WARN] Sin asentamientos para municipio 004
2026-03-15 19:28:20,626 [INFO]   0 asentamientos insertados
2026-03-15 19:28:21,628 [INFO] [3/20] Colonias: Ciudad Valles
2026-03-15 19:28:21,883 [WARNING] [WARN] Sin asentamientos para municipio 013
2026-03-15 19:28:21,884 [INFO]   0 asentamientos insertados
2026-03-15 19:28:22,889 [INFO] [4/20] Colonias: Coxcatlán
2026-03-15 19:28:23,057 [WARNING] [WARN] Sin asentamientos para municipio 017
2026-03-15 19:28:23,058 [INFO]   0 asentamientos insertados
2026-03-15 19:28:24,062 [INFO] [5/20] Colonias: Ébano
2026-03-15 19:28:24,221 [WARNING] [WARN] Sin asentamientos para municipio 019
2026-03-15 19:28:24,222 [INFO]   0 asentamientos insertados
2026-03-15 19:28:25,224 [INFO] [6/20] Colonias: El Naranjo
2026-03-15 19:28:25,391 [WARNING] [WARN] Sin asentamientos para municipio 021
2026-03-15 19:28:25,391 [INFO]   0 asentamientos insertados
2026-03-15 19:28:26,392 [INFO] [7/20] Colonias: Huehuetlán
2026-03-15 19:28:26,579 [WARNING] [WARN] Sin asentamientos para municipio 025
2026-03-15 19:28:26,580 [INFO]   0 asentamientos insertados
2026-03-15 19:28:27,584 [INFO] [8/20] Colonias: Matlapa
2026-03-15 19:28:27,758 [WARNING] [WARN] Sin asentamientos para municipio 030
2026-03-15 19:28:27,759 [INFO]   0 asentamientos insertados
2026-03-15 19:28:28,760 [INFO] [9/20] Colonias: San Antonio
2026-03-15 19:28:28,932 [WARNING] [WARN] Sin asentamientos para municipio 039
2026-03-15 19:28:28,933 [INFO]   0 asentamientos insertados
2026-03-15 19:28:29,938 [INFO] [10/20] Colonias: San Martín Chalchicuautla
2026-03-15 19:28:30,112 [WARNING] [WARN] Sin asentamientos para municipio 043
2026-03-15 19:28:30,113 [INFO]   0 asentamientos insertados
2026-03-15 19:28:31,116 [INFO] [11/20] Colonias: San Vicente Tancuayalab
2026-03-15 19:28:31,288 [WARNING] [WARN] Sin asentamientos para municipio 045
2026-03-15 19:28:31,289 [INFO]   0 asentamientos insertados
2026-03-15 19:28:32,292 [INFO] [12/20] Colonias: Tamasopo
2026-03-15 19:28:32,451 [WARNING] [WARN] Sin asentamientos para municipio 049
2026-03-15 19:28:32,452 [INFO]   0 asentamientos insertados
2026-03-15 19:28:33,457 [INFO] [13/20] Colonias: Tamazunchale
2026-03-15 19:28:33,619 [WARNING] [WARN] Sin asentamientos para municipio 050
2026-03-15 19:28:33,620 [INFO]   0 asentamientos insertados
2026-03-15 19:28:34,625 [INFO] [14/20] Colonias: Tampacán
2026-03-15 19:28:34,785 [WARNING] [WARN] Sin asentamientos para municipio 051
2026-03-15 19:28:34,786 [INFO]   0 asentamientos insertados
2026-03-15 19:28:35,790 [INFO] [15/20] Colonias: Tampamolón Corona
2026-03-15 19:28:35,947 [WARNING] [WARN] Sin asentamientos para municipio 052
2026-03-15 19:28:35,947 [INFO]   0 asentamientos insertados
2026-03-15 19:28:36,949 [INFO] [16/20] Colonias: Tamuín
2026-03-15 19:28:37,161 [WARNING] [WARN] Sin asentamientos para municipio 054
2026-03-15 19:28:37,167 [INFO]   0 asentamientos insertados
2026-03-15 19:28:38,181 [INFO] [17/20] Colonias: Tancanhuitz de Santos
2026-03-15 19:28:38,378 [WARNING] [WARN] Sin asentamientos para municipio 055
2026-03-15 19:28:38,378 [INFO]   0 asentamientos insertados
2026-03-15 19:28:39,383 [INFO] [18/20] Colonias: Tanlajás
2026-03-15 19:28:39,559 [WARNING] [WARN] Sin asentamientos para municipio 056
2026-03-15 19:28:39,560 [INFO]   0 asentamientos insertados
2026-03-15 19:28:40,566 [INFO] [19/20] Colonias: Tanquián de Escobedo
2026-03-15 19:28:40,727 [WARNING] [WARN] Sin asentamientos para municipio 057
2026-03-15 19:28:40,727 [INFO]   0 asentamientos insertados
2026-03-15 19:28:41,731 [INFO] [20/20] Colonias: Xilitla
2026-03-15 19:28:41,910 [WARNING] [WARN] Sin asentamientos para municipio 058
2026-03-15 19:28:41,911 [INFO]   0 asentamientos insertados
2026-03-15 19:28:41,911 [INFO] [OK] Colonias total: 0 insertadas
